14:47:25 **** Incremental Build of configuration Debug for project FTP Client ****
make -j6 all 
arm-none-eabi-gcc "../Core/Src/main.c" -mcpu=cortex-m4 -std=gnu11 -g3 -DUSE_HAL_DRIVER -DSTM32F411xE -DDEBUG -c -I../Core/Inc -I../Drivers/STM32F4xx_HAL_Driver/Inc -I../Drivers/STM32F4xx_HAL_Driver/Inc/Legacy -I../Drivers/CMSIS/Device/ST/STM32F4xx/Include -I../Drivers/CMSIS/Include -O0 -ffunction-sections -fdata-sections -Wall -fstack-usage -MMD -MP -MF"Core/Src/main.d" -MT"Core/Src/main.o" --specs=nano.specs -mfpu=fpv4-sp-d16 -mfloat-abi=hard -mthumb -o "Core/Src/main.o"
arm-none-eabi-gcc -o "FTP Client.elf" @"objects.list"   -mcpu=cortex-m4 -T"E:\ES_Git\QUECTEL 3G-LTE\FTP Client\STM32F411VETX_FLASH.ld" --specs=nosys.specs -Wl,-Map="FTP Client.map" -Wl,--gc-sections -static --specs=nano.specs -mfpu=fpv4-sp-d16 -mfloat-abi=hard -mthumb -Wl,--start-group -lc -lm -Wl,--end-group
Finished building target: FTP Client.elf
 
arm-none-eabi-objdump -h -S  FTP\ Client.elf  > "FTP Client.list"
arm-none-eabi-objcopy  -O binary  FTP\ Client.elf  "FTP Client.bin"
arm-none-eabi-size   FTP\ Client.elf 
   text	   data	    bss	    dec	    hex	filename
  20992	    484	  23740	  45216	   b0a0	FTP Client.elf
Finished building: default.size.stdout
 
Finished building: FTP Client.bin
 
Finished building: FTP Client.list
 
